// Jest Snapshot v1, https://goo.gl/fbAQLP

exports[`display MilestoneReleaseLabel component compare snapshot with previous record 1`] = `
Object {
  "asFragment": [Function],
  "baseElement": <body>
    <div>
      <span
        class="label"
      >
        <a
          aria-disabled="false"
          class="pf-c-button pf-m-primary pf-m-small milestone-label"
          data-ouia-component-id="OUIA-Generated-Button-primary-4"
          data-ouia-component-type="PF4/Button"
          data-ouia-safe="true"
          href="#"
        >
          ERP1.2.3
        </a>
      </span>
      <span
        class="label"
      >
        <a
          aria-disabled="false"
          class="pf-c-button pf-m-primary pf-m-small milestone-label is-current"
          data-ouia-component-id="OUIA-Generated-Button-primary-5"
          data-ouia-component-type="PF4/Button"
          data-ouia-safe="true"
          href="#"
        >
          ERP1.2.4-C
        </a>
      </span>
      <span
        class="label"
      >
        <span
          aria-disabled="false"
          class="pf-c-button pf-m-primary pf-m-small release-label"
          data-ouia-component-id="OUIA-Generated-Button-primary-6"
          data-ouia-component-type="PF4/Button"
          data-ouia-safe="true"
          href="#"
        >
          CAM1.2.5
        </span>
      </span>
    </div>
  </body>,
  "container": <div>
    <span
      class="label"
    >
      <a
        aria-disabled="false"
        class="pf-c-button pf-m-primary pf-m-small milestone-label"
        data-ouia-component-id="OUIA-Generated-Button-primary-4"
        data-ouia-component-type="PF4/Button"
        data-ouia-safe="true"
        href="#"
      >
        ERP1.2.3
      </a>
    </span>
    <span
      class="label"
    >
      <a
        aria-disabled="false"
        class="pf-c-button pf-m-primary pf-m-small milestone-label is-current"
        data-ouia-component-id="OUIA-Generated-Button-primary-5"
        data-ouia-component-type="PF4/Button"
        data-ouia-safe="true"
        href="#"
      >
        ERP1.2.4-C
      </a>
    </span>
    <span
      class="label"
    >
      <span
        aria-disabled="false"
        class="pf-c-button pf-m-primary pf-m-small release-label"
        data-ouia-component-id="OUIA-Generated-Button-primary-6"
        data-ouia-component-type="PF4/Button"
        data-ouia-safe="true"
        href="#"
      >
        CAM1.2.5
      </span>
    </span>
  </div>,
  "debug": [Function],
  "findAllByAltText": [Function],
  "findAllByDisplayValue": [Function],
  "findAllByLabelText": [Function],
  "findAllByPlaceholderText": [Function],
  "findAllByRole": [Function],
  "findAllByTestId": [Function],
  "findAllByText": [Function],
  "findAllByTitle": [Function],
  "findByAltText": [Function],
  "findByDisplayValue": [Function],
  "findByLabelText": [Function],
  "findByPlaceholderText": [Function],
  "findByRole": [Function],
  "findByTestId": [Function],
  "findByText": [Function],
  "findByTitle": [Function],
  "getAllByAltText": [Function],
  "getAllByDisplayValue": [Function],
  "getAllByLabelText": [Function],
  "getAllByPlaceholderText": [Function],
  "getAllByRole": [Function],
  "getAllByTestId": [Function],
  "getAllByText": [Function],
  "getAllByTitle": [Function],
  "getByAltText": [Function],
  "getByDisplayValue": [Function],
  "getByLabelText": [Function],
  "getByPlaceholderText": [Function],
  "getByRole": [Function],
  "getByTestId": [Function],
  "getByText": [Function],
  "getByTitle": [Function],
  "queryAllByAltText": [Function],
  "queryAllByDisplayValue": [Function],
  "queryAllByLabelText": [Function],
  "queryAllByPlaceholderText": [Function],
  "queryAllByRole": [Function],
  "queryAllByTestId": [Function],
  "queryAllByText": [Function],
  "queryAllByTitle": [Function],
  "queryByAltText": [Function],
  "queryByDisplayValue": [Function],
  "queryByLabelText": [Function],
  "queryByPlaceholderText": [Function],
  "queryByRole": [Function],
  "queryByTestId": [Function],
  "queryByText": [Function],
  "queryByTitle": [Function],
  "rerender": [Function],
  "unmount": [Function],
}
`;
