// Jest Snapshot v1, https://goo.gl/fbAQLP

exports[`display ProjectList component compare snapshot with previous record 1`] = `
Object {
  "asFragment": [Function],
  "baseElement": <body>
    <div>
      <table
        aria-label="Projects List"
        class="pf-c-table pf-m-grid-md pf-m-compact pf-m-no-border-rows"
        data-ouia-component-id="OUIA-Generated-Table-4"
        data-ouia-component-type="PF4/Table"
        data-ouia-safe="true"
        role="grid"
      >
        <thead
          class=""
        >
          <tr
            class=""
            data-ouia-component-id="OUIA-Generated-TableRow-9"
            data-ouia-component-type="PF4/TableRow"
            data-ouia-safe="true"
          >
            <th
              class="pf-m-width-30"
              data-key="0"
              data-label="Name"
              scope="col"
            >
              Name
            </th>
            <th
              class=""
              data-key="1"
              data-label="Description"
              scope="col"
            >
              Description
            </th>
            <th
              class="pf-m-width-15"
              data-key="2"
              data-label="Build Configs count"
              scope="col"
            >
              Build Configs count
            </th>
            <th
              class=""
              data-key="3"
              data-label="Actions"
              scope="col"
            >
              Actions
            </th>
          </tr>
        </thead>
        <tbody
          class=""
          role="rowgroup"
        >
          <tr
            class=""
            data-ouia-component-id="OUIA-Generated-TableRow-10"
            data-ouia-component-type="PF4/TableRow"
            data-ouia-safe="true"
          >
            <td
              class=""
              data-key="0"
              data-label="Name"
            >
              <a
                href="/100"
              >
                Test Project Name 100
              </a>
            </td>
            <td
              class=""
              data-key="1"
              data-label="Description"
            >
              Test Project Name 100 Desc
            </td>
            <td
              class=""
              data-key="2"
              data-label="Build Configs count"
            >
              0
            </td>
            <td
              class=""
              data-key="3"
              data-label="Actions"
            >
              <a
                href="/100/edit"
              >
                edit
              </a>
            </td>
          </tr>
          <tr
            class=""
            data-ouia-component-id="OUIA-Generated-TableRow-11"
            data-ouia-component-type="PF4/TableRow"
            data-ouia-safe="true"
          >
            <td
              class=""
              data-key="0"
              data-label="Name"
            >
              <a
                href="/101"
              >
                zz_2021110-101
              </a>
            </td>
            <td
              class=""
              data-key="1"
              data-label="Description"
            >
              zz_2021110-101 desc
            </td>
            <td
              class=""
              data-key="2"
              data-label="Build Configs count"
            >
              0
            </td>
            <td
              class=""
              data-key="3"
              data-label="Actions"
            >
              <a
                href="/101/edit"
              >
                edit
              </a>
            </td>
          </tr>
          <tr
            class=""
            data-ouia-component-id="OUIA-Generated-TableRow-12"
            data-ouia-component-type="PF4/TableRow"
            data-ouia-safe="true"
          >
            <td
              class=""
              data-key="0"
              data-label="Name"
            >
              <a
                href="/102"
              >
                zz_2021110-102
              </a>
            </td>
            <td
              class=""
              data-key="1"
              data-label="Description"
            />
            <td
              class=""
              data-key="2"
              data-label="Build Configs count"
            >
              0
            </td>
            <td
              class=""
              data-key="3"
              data-label="Actions"
            >
              <a
                href="/102/edit"
              >
                edit
              </a>
            </td>
          </tr>
          <tr
            class=""
            data-ouia-component-id="OUIA-Generated-TableRow-13"
            data-ouia-component-type="PF4/TableRow"
            data-ouia-safe="true"
          >
            <td
              class=""
              data-key="0"
              data-label="Name"
            >
              <a
                href="/103"
              >
                zz_2021110-103
              </a>
            </td>
            <td
              class=""
              data-key="1"
              data-label="Description"
            />
            <td
              class=""
              data-key="2"
              data-label="Build Configs count"
            >
              0
            </td>
            <td
              class=""
              data-key="3"
              data-label="Actions"
            >
              <a
                href="/103/edit"
              >
                edit
              </a>
            </td>
          </tr>
          <tr
            class=""
            data-ouia-component-id="OUIA-Generated-TableRow-14"
            data-ouia-component-type="PF4/TableRow"
            data-ouia-safe="true"
          >
            <td
              class=""
              data-key="0"
              data-label="Name"
            >
              <a
                href="/104"
              >
                zz_2021110-104
              </a>
            </td>
            <td
              class=""
              data-key="1"
              data-label="Description"
            />
            <td
              class=""
              data-key="2"
              data-label="Build Configs count"
            >
              0
            </td>
            <td
              class=""
              data-key="3"
              data-label="Actions"
            >
              <a
                href="/104/edit"
              >
                edit
              </a>
            </td>
          </tr>
          <tr
            class=""
            data-ouia-component-id="OUIA-Generated-TableRow-15"
            data-ouia-component-type="PF4/TableRow"
            data-ouia-safe="true"
          >
            <td
              class=""
              data-key="0"
              data-label="Name"
            >
              <a
                href="/105"
              >
                zz_2021110-105
              </a>
            </td>
            <td
              class=""
              data-key="1"
              data-label="Description"
            >
              zz_2021110-105 description
            </td>
            <td
              class=""
              data-key="2"
              data-label="Build Configs count"
            >
              0
            </td>
            <td
              class=""
              data-key="3"
              data-label="Actions"
            >
              <a
                href="/105/edit"
              >
                edit
              </a>
            </td>
          </tr>
          <tr
            class=""
            data-ouia-component-id="OUIA-Generated-TableRow-16"
            data-ouia-component-type="PF4/TableRow"
            data-ouia-safe="true"
          >
            <td
              class=""
              data-key="0"
              data-label="Name"
            >
              <a
                href="/106"
              >
                Test Project Name 106
              </a>
            </td>
            <td
              class=""
              data-key="1"
              data-label="Description"
            >
              Test Project Name 106 description
            </td>
            <td
              class=""
              data-key="2"
              data-label="Build Configs count"
            >
              17
            </td>
            <td
              class=""
              data-key="3"
              data-label="Actions"
            >
              <a
                href="/106/edit"
              >
                edit
              </a>
            </td>
          </tr>
        </tbody>
      </table>
    </div>
  </body>,
  "container": <div>
    <table
      aria-label="Projects List"
      class="pf-c-table pf-m-grid-md pf-m-compact pf-m-no-border-rows"
      data-ouia-component-id="OUIA-Generated-Table-4"
      data-ouia-component-type="PF4/Table"
      data-ouia-safe="true"
      role="grid"
    >
      <thead
        class=""
      >
        <tr
          class=""
          data-ouia-component-id="OUIA-Generated-TableRow-9"
          data-ouia-component-type="PF4/TableRow"
          data-ouia-safe="true"
        >
          <th
            class="pf-m-width-30"
            data-key="0"
            data-label="Name"
            scope="col"
          >
            Name
          </th>
          <th
            class=""
            data-key="1"
            data-label="Description"
            scope="col"
          >
            Description
          </th>
          <th
            class="pf-m-width-15"
            data-key="2"
            data-label="Build Configs count"
            scope="col"
          >
            Build Configs count
          </th>
          <th
            class=""
            data-key="3"
            data-label="Actions"
            scope="col"
          >
            Actions
          </th>
        </tr>
      </thead>
      <tbody
        class=""
        role="rowgroup"
      >
        <tr
          class=""
          data-ouia-component-id="OUIA-Generated-TableRow-10"
          data-ouia-component-type="PF4/TableRow"
          data-ouia-safe="true"
        >
          <td
            class=""
            data-key="0"
            data-label="Name"
          >
            <a
              href="/100"
            >
              Test Project Name 100
            </a>
          </td>
          <td
            class=""
            data-key="1"
            data-label="Description"
          >
            Test Project Name 100 Desc
          </td>
          <td
            class=""
            data-key="2"
            data-label="Build Configs count"
          >
            0
          </td>
          <td
            class=""
            data-key="3"
            data-label="Actions"
          >
            <a
              href="/100/edit"
            >
              edit
            </a>
          </td>
        </tr>
        <tr
          class=""
          data-ouia-component-id="OUIA-Generated-TableRow-11"
          data-ouia-component-type="PF4/TableRow"
          data-ouia-safe="true"
        >
          <td
            class=""
            data-key="0"
            data-label="Name"
          >
            <a
              href="/101"
            >
              zz_2021110-101
            </a>
          </td>
          <td
            class=""
            data-key="1"
            data-label="Description"
          >
            zz_2021110-101 desc
          </td>
          <td
            class=""
            data-key="2"
            data-label="Build Configs count"
          >
            0
          </td>
          <td
            class=""
            data-key="3"
            data-label="Actions"
          >
            <a
              href="/101/edit"
            >
              edit
            </a>
          </td>
        </tr>
        <tr
          class=""
          data-ouia-component-id="OUIA-Generated-TableRow-12"
          data-ouia-component-type="PF4/TableRow"
          data-ouia-safe="true"
        >
          <td
            class=""
            data-key="0"
            data-label="Name"
          >
            <a
              href="/102"
            >
              zz_2021110-102
            </a>
          </td>
          <td
            class=""
            data-key="1"
            data-label="Description"
          />
          <td
            class=""
            data-key="2"
            data-label="Build Configs count"
          >
            0
          </td>
          <td
            class=""
            data-key="3"
            data-label="Actions"
          >
            <a
              href="/102/edit"
            >
              edit
            </a>
          </td>
        </tr>
        <tr
          class=""
          data-ouia-component-id="OUIA-Generated-TableRow-13"
          data-ouia-component-type="PF4/TableRow"
          data-ouia-safe="true"
        >
          <td
            class=""
            data-key="0"
            data-label="Name"
          >
            <a
              href="/103"
            >
              zz_2021110-103
            </a>
          </td>
          <td
            class=""
            data-key="1"
            data-label="Description"
          />
          <td
            class=""
            data-key="2"
            data-label="Build Configs count"
          >
            0
          </td>
          <td
            class=""
            data-key="3"
            data-label="Actions"
          >
            <a
              href="/103/edit"
            >
              edit
            </a>
          </td>
        </tr>
        <tr
          class=""
          data-ouia-component-id="OUIA-Generated-TableRow-14"
          data-ouia-component-type="PF4/TableRow"
          data-ouia-safe="true"
        >
          <td
            class=""
            data-key="0"
            data-label="Name"
          >
            <a
              href="/104"
            >
              zz_2021110-104
            </a>
          </td>
          <td
            class=""
            data-key="1"
            data-label="Description"
          />
          <td
            class=""
            data-key="2"
            data-label="Build Configs count"
          >
            0
          </td>
          <td
            class=""
            data-key="3"
            data-label="Actions"
          >
            <a
              href="/104/edit"
            >
              edit
            </a>
          </td>
        </tr>
        <tr
          class=""
          data-ouia-component-id="OUIA-Generated-TableRow-15"
          data-ouia-component-type="PF4/TableRow"
          data-ouia-safe="true"
        >
          <td
            class=""
            data-key="0"
            data-label="Name"
          >
            <a
              href="/105"
            >
              zz_2021110-105
            </a>
          </td>
          <td
            class=""
            data-key="1"
            data-label="Description"
          >
            zz_2021110-105 description
          </td>
          <td
            class=""
            data-key="2"
            data-label="Build Configs count"
          >
            0
          </td>
          <td
            class=""
            data-key="3"
            data-label="Actions"
          >
            <a
              href="/105/edit"
            >
              edit
            </a>
          </td>
        </tr>
        <tr
          class=""
          data-ouia-component-id="OUIA-Generated-TableRow-16"
          data-ouia-component-type="PF4/TableRow"
          data-ouia-safe="true"
        >
          <td
            class=""
            data-key="0"
            data-label="Name"
          >
            <a
              href="/106"
            >
              Test Project Name 106
            </a>
          </td>
          <td
            class=""
            data-key="1"
            data-label="Description"
          >
            Test Project Name 106 description
          </td>
          <td
            class=""
            data-key="2"
            data-label="Build Configs count"
          >
            17
          </td>
          <td
            class=""
            data-key="3"
            data-label="Actions"
          >
            <a
              href="/106/edit"
            >
              edit
            </a>
          </td>
        </tr>
      </tbody>
    </table>
  </div>,
  "debug": [Function],
  "findAllByAltText": [Function],
  "findAllByDisplayValue": [Function],
  "findAllByLabelText": [Function],
  "findAllByPlaceholderText": [Function],
  "findAllByRole": [Function],
  "findAllByTestId": [Function],
  "findAllByText": [Function],
  "findAllByTitle": [Function],
  "findByAltText": [Function],
  "findByDisplayValue": [Function],
  "findByLabelText": [Function],
  "findByPlaceholderText": [Function],
  "findByRole": [Function],
  "findByTestId": [Function],
  "findByText": [Function],
  "findByTitle": [Function],
  "getAllByAltText": [Function],
  "getAllByDisplayValue": [Function],
  "getAllByLabelText": [Function],
  "getAllByPlaceholderText": [Function],
  "getAllByRole": [Function],
  "getAllByTestId": [Function],
  "getAllByText": [Function],
  "getAllByTitle": [Function],
  "getByAltText": [Function],
  "getByDisplayValue": [Function],
  "getByLabelText": [Function],
  "getByPlaceholderText": [Function],
  "getByRole": [Function],
  "getByTestId": [Function],
  "getByText": [Function],
  "getByTitle": [Function],
  "queryAllByAltText": [Function],
  "queryAllByDisplayValue": [Function],
  "queryAllByLabelText": [Function],
  "queryAllByPlaceholderText": [Function],
  "queryAllByRole": [Function],
  "queryAllByTestId": [Function],
  "queryAllByText": [Function],
  "queryAllByTitle": [Function],
  "queryByAltText": [Function],
  "queryByDisplayValue": [Function],
  "queryByLabelText": [Function],
  "queryByPlaceholderText": [Function],
  "queryByRole": [Function],
  "queryByTestId": [Function],
  "queryByText": [Function],
  "queryByTitle": [Function],
  "rerender": [Function],
  "unmount": [Function],
}
`;
